// Vitest Snapshot v1

exports[`CLI > default command > using Tailwind as an example > local absolute path (with index) 1`] = `
"diff --git a/.gitignore b/.gitignore

diff --git a/app/

package.json
{
  \\"name\\": \\"ember-apply\\",
  \\"version\\": \\"1.4.2\\",
  \\"description\\": \\"automatic integration and configuration from the community\\",
  \\"repository\\": {
    \\"url\\": \\"https://github.com/NullVoxPopuli/ember-apply\\",
    \\"type\\": \\"https\\",
    \\"directory\\": \\"packages/ember-apply\\"
  },
  \\"main\\": \\"src/index.js\\",
  \\"exports\\": {
    \\".\\": \\"./src/index.js\\",
    \\"./test-utils\\": \\"./src/test-utils.js\\"
  },
  \\"type\\": \\"module\\",
  \\"author\\": \\"NullVoxPopuli\\",
  \\"license\\": \\"MIT\\",
  \\"private\\": false,
  \\"bin\\": {
    \\"ember-apply\\": \\"src/cli/index.js\\"
  },
  \\"files\\": [
    \\"src/**/*\\",
    \\"README.md\\"
  ],
  \\"scripts\\": {
    \\"prepack\\": \\"cp ../README.md\\",
    \\"build:types\\": \\"tsc --build\\",
    \\"lint\\": \\"yarn lint:js\\",
    \\"lint:js\\": \\"eslint .\\",
    \\"lint:fix\\": \\"yarn lint:js --fix\\",
    \\"test\\": \\"vitest --coverage --no-watch\\",
    \\"test:watch\\": \\"vitest --watch\\"
  },
  \\"dependencies\\": [
    \\"@babel/core\\",
    \\"@babel/preset-env\\",
    \\"chalk\\",
    \\"ember-template-recast\\",
    \\"execa\\",
    \\"fs-extra\\",
    \\"jscodeshift\\",
    \\"ora\\",
    \\"pacote\\",
    \\"posthtml\\",
    \\"semver\\",
    \\"unified\\",
    \\"yargs\\",
    \\"yarn-workspaces-list\\"
  ],
  \\"devDependencies\\": [
    \\"@nullvoxpopuli/eslint-configs\\",
    \\"@types/fs-extra\\",
    \\"@types/jscodeshift\\",
    \\"@types/node\\",
    \\"@types/pacote\\",
    \\"@types/semver\\",
    \\"@types/yargs\\",
    \\"@vitest/ui\\",
    \\"babel-eslint\\",
    \\"c8\\",
    \\"eslint\\",
    \\"eslint-plugin-decorator-position\\",
    \\"eslint-plugin-import\\",
    \\"eslint-plugin-node\\",
    \\"eslint-plugin-prettier\\",
    \\"prettier\\",
    \\"typescript\\",
    \\"vite\\",
    \\"vitest\\"
  ],
  \\"engines\\": [
    \\"node\\"
  ],
  \\"volta\\": [
    \\"node\\",
    \\"yarn\\"
  ]
}
diff --git a/package.json b/package.json

diff --git a/tests/
"
`;

exports[`CLI > default command > using Tailwind as an example > local absolute path (with index) 2`] = `
" .gitignore       |  3 +++
 app/index.html   |  1 +
 package.json     | 11 ++++++++---
 tests/index.html |  3 ++-
 4 files changed, 14 insertions(+), 4 deletions(-)"
`;

exports[`CLI > default command > using Tailwind as an example > local absolute path 1`] = `
"diff --git a/.gitignore b/.gitignore

diff --git a/app/

package.json
{
  \\"name\\": \\"ember-apply\\",
  \\"version\\": \\"1.4.2\\",
  \\"description\\": \\"automatic integration and configuration from the community\\",
  \\"repository\\": {
    \\"url\\": \\"https://github.com/NullVoxPopuli/ember-apply\\",
    \\"type\\": \\"https\\",
    \\"directory\\": \\"packages/ember-apply\\"
  },
  \\"main\\": \\"src/index.js\\",
  \\"exports\\": {
    \\".\\": \\"./src/index.js\\",
    \\"./test-utils\\": \\"./src/test-utils.js\\"
  },
  \\"type\\": \\"module\\",
  \\"author\\": \\"NullVoxPopuli\\",
  \\"license\\": \\"MIT\\",
  \\"private\\": false,
  \\"bin\\": {
    \\"ember-apply\\": \\"src/cli/index.js\\"
  },
  \\"files\\": [
    \\"src/**/*\\",
    \\"README.md\\"
  ],
  \\"scripts\\": {
    \\"prepack\\": \\"cp ../README.md\\",
    \\"build:types\\": \\"tsc --build\\",
    \\"lint\\": \\"yarn lint:js\\",
    \\"lint:js\\": \\"eslint .\\",
    \\"lint:fix\\": \\"yarn lint:js --fix\\",
    \\"test\\": \\"vitest --coverage --no-watch\\",
    \\"test:watch\\": \\"vitest --watch\\"
  },
  \\"dependencies\\": [
    \\"@babel/core\\",
    \\"@babel/preset-env\\",
    \\"chalk\\",
    \\"ember-template-recast\\",
    \\"execa\\",
    \\"fs-extra\\",
    \\"jscodeshift\\",
    \\"ora\\",
    \\"pacote\\",
    \\"posthtml\\",
    \\"semver\\",
    \\"unified\\",
    \\"yargs\\",
    \\"yarn-workspaces-list\\"
  ],
  \\"devDependencies\\": [
    \\"@nullvoxpopuli/eslint-configs\\",
    \\"@types/fs-extra\\",
    \\"@types/jscodeshift\\",
    \\"@types/node\\",
    \\"@types/pacote\\",
    \\"@types/semver\\",
    \\"@types/yargs\\",
    \\"@vitest/ui\\",
    \\"babel-eslint\\",
    \\"c8\\",
    \\"eslint\\",
    \\"eslint-plugin-decorator-position\\",
    \\"eslint-plugin-import\\",
    \\"eslint-plugin-node\\",
    \\"eslint-plugin-prettier\\",
    \\"prettier\\",
    \\"typescript\\",
    \\"vite\\",
    \\"vitest\\"
  ],
  \\"engines\\": [
    \\"node\\"
  ],
  \\"volta\\": [
    \\"node\\",
    \\"yarn\\"
  ]
}
diff --git a/package.json b/package.json

diff --git a/tests/
"
`;

exports[`CLI > default command > using Tailwind as an example > local absolute path 2`] = `
" .gitignore       |  3 +++
 app/index.html   |  1 +
 package.json     | 11 ++++++++---
 tests/index.html |  3 ++-
 4 files changed, 14 insertions(+), 4 deletions(-)"
`;

exports[`CLI > default command > using Tailwind as an example > local relative path (with index) 1`] = `
"diff --git a/.gitignore b/.gitignore

diff --git a/app/

package.json
{
  \\"name\\": \\"ember-apply\\",
  \\"version\\": \\"1.4.2\\",
  \\"description\\": \\"automatic integration and configuration from the community\\",
  \\"repository\\": {
    \\"url\\": \\"https://github.com/NullVoxPopuli/ember-apply\\",
    \\"type\\": \\"https\\",
    \\"directory\\": \\"packages/ember-apply\\"
  },
  \\"main\\": \\"src/index.js\\",
  \\"exports\\": {
    \\".\\": \\"./src/index.js\\",
    \\"./test-utils\\": \\"./src/test-utils.js\\"
  },
  \\"type\\": \\"module\\",
  \\"author\\": \\"NullVoxPopuli\\",
  \\"license\\": \\"MIT\\",
  \\"private\\": false,
  \\"bin\\": {
    \\"ember-apply\\": \\"src/cli/index.js\\"
  },
  \\"files\\": [
    \\"src/**/*\\",
    \\"README.md\\"
  ],
  \\"scripts\\": {
    \\"prepack\\": \\"cp ../README.md\\",
    \\"build:types\\": \\"tsc --build\\",
    \\"lint\\": \\"yarn lint:js\\",
    \\"lint:js\\": \\"eslint .\\",
    \\"lint:fix\\": \\"yarn lint:js --fix\\",
    \\"test\\": \\"vitest --coverage --no-watch\\",
    \\"test:watch\\": \\"vitest --watch\\"
  },
  \\"dependencies\\": [
    \\"@babel/core\\",
    \\"@babel/preset-env\\",
    \\"chalk\\",
    \\"ember-template-recast\\",
    \\"execa\\",
    \\"fs-extra\\",
    \\"jscodeshift\\",
    \\"ora\\",
    \\"pacote\\",
    \\"posthtml\\",
    \\"semver\\",
    \\"unified\\",
    \\"yargs\\",
    \\"yarn-workspaces-list\\"
  ],
  \\"devDependencies\\": [
    \\"@nullvoxpopuli/eslint-configs\\",
    \\"@types/fs-extra\\",
    \\"@types/jscodeshift\\",
    \\"@types/node\\",
    \\"@types/pacote\\",
    \\"@types/semver\\",
    \\"@types/yargs\\",
    \\"@vitest/ui\\",
    \\"babel-eslint\\",
    \\"c8\\",
    \\"eslint\\",
    \\"eslint-plugin-decorator-position\\",
    \\"eslint-plugin-import\\",
    \\"eslint-plugin-node\\",
    \\"eslint-plugin-prettier\\",
    \\"prettier\\",
    \\"typescript\\",
    \\"vite\\",
    \\"vitest\\"
  ],
  \\"engines\\": [
    \\"node\\"
  ],
  \\"volta\\": [
    \\"node\\",
    \\"yarn\\"
  ]
}
diff --git a/package.json b/package.json

diff --git a/tests/
"
`;

exports[`CLI > default command > using Tailwind as an example > local relative path (with index) 2`] = `
" .gitignore       |  3 +++
 app/index.html   |  1 +
 package.json     | 11 ++++++++---
 tests/index.html |  3 ++-
 4 files changed, 14 insertions(+), 4 deletions(-)"
`;

exports[`CLI > default command > using Tailwind as an example > local relative path 1`] = `
"diff --git a/.gitignore b/.gitignore

diff --git a/app/

package.json
{
  \\"name\\": \\"ember-apply\\",
  \\"version\\": \\"1.4.2\\",
  \\"description\\": \\"automatic integration and configuration from the community\\",
  \\"repository\\": {
    \\"url\\": \\"https://github.com/NullVoxPopuli/ember-apply\\",
    \\"type\\": \\"https\\",
    \\"directory\\": \\"packages/ember-apply\\"
  },
  \\"main\\": \\"src/index.js\\",
  \\"exports\\": {
    \\".\\": \\"./src/index.js\\",
    \\"./test-utils\\": \\"./src/test-utils.js\\"
  },
  \\"type\\": \\"module\\",
  \\"author\\": \\"NullVoxPopuli\\",
  \\"license\\": \\"MIT\\",
  \\"private\\": false,
  \\"bin\\": {
    \\"ember-apply\\": \\"src/cli/index.js\\"
  },
  \\"files\\": [
    \\"src/**/*\\",
    \\"README.md\\"
  ],
  \\"scripts\\": {
    \\"prepack\\": \\"cp ../README.md\\",
    \\"build:types\\": \\"tsc --build\\",
    \\"lint\\": \\"yarn lint:js\\",
    \\"lint:js\\": \\"eslint .\\",
    \\"lint:fix\\": \\"yarn lint:js --fix\\",
    \\"test\\": \\"vitest --coverage --no-watch\\",
    \\"test:watch\\": \\"vitest --watch\\"
  },
  \\"dependencies\\": [
    \\"@babel/core\\",
    \\"@babel/preset-env\\",
    \\"chalk\\",
    \\"ember-template-recast\\",
    \\"execa\\",
    \\"fs-extra\\",
    \\"jscodeshift\\",
    \\"ora\\",
    \\"pacote\\",
    \\"posthtml\\",
    \\"semver\\",
    \\"unified\\",
    \\"yargs\\",
    \\"yarn-workspaces-list\\"
  ],
  \\"devDependencies\\": [
    \\"@nullvoxpopuli/eslint-configs\\",
    \\"@types/fs-extra\\",
    \\"@types/jscodeshift\\",
    \\"@types/node\\",
    \\"@types/pacote\\",
    \\"@types/semver\\",
    \\"@types/yargs\\",
    \\"@vitest/ui\\",
    \\"babel-eslint\\",
    \\"c8\\",
    \\"eslint\\",
    \\"eslint-plugin-decorator-position\\",
    \\"eslint-plugin-import\\",
    \\"eslint-plugin-node\\",
    \\"eslint-plugin-prettier\\",
    \\"prettier\\",
    \\"typescript\\",
    \\"vite\\",
    \\"vitest\\"
  ],
  \\"engines\\": [
    \\"node\\"
  ],
  \\"volta\\": [
    \\"node\\",
    \\"yarn\\"
  ]
}
diff --git a/package.json b/package.json

diff --git a/tests/
"
`;

exports[`CLI > default command > using Tailwind as an example > local relative path 2`] = `
" .gitignore       |  3 +++
 app/index.html   |  1 +
 package.json     | 11 ++++++++---
 tests/index.html |  3 ++-
 4 files changed, 14 insertions(+), 4 deletions(-)"
`;
